 MySQL JS > \sql
Switching to SQL mode... Commands end with ;

 MySQL  SQL > \connect -c root@127.0.0.3
The -c option is deprecated, please use --mysql or -mc instead
Creating a Classic session to 'root@127.0.0.3'
Please provide the password for 'root@127.0.0.3': *********
Save password for 'root@127.0.0.3:3306'? [Y]es/[N]o/Ne[v]er (default No): y
Fetching schema names for autocompletion... Press ^C to stop.
Your MySQL connection id is 8
Server version: 5.7.21-log MySQL Community Server (GPL)
No default schema selected; type \use <schema> to set one.

 MySQL  127.0.0.3:3306  SQL > select version();
+------------+
| version()  |
+------------+
| 5.7.21-log |
+------------+
1 row in set (0.0033 sec)

 MySQL  127.0.0.3:3306  SQL > select now();
+---------------------+
| now()               |
+---------------------+
| 2018-08-27 12:28:32 |
+---------------------+
1 row in set (0.0035 sec)

 MySQL  127.0.0.3:3306  SQL > select version(), current_day(), now();
ERROR: 1046 (3D000): No database selected

 MySQL  127.0.0.3:3306  SQL > select version(), current_day, now();
ERROR: 1054 (42S22): Unknown column 'current_day' in 'field list'

 MySQL  127.0.0.3:3306  SQL > select version(), current_date, now();
+------------+--------------+---------------------+
| version()  | current_date | now()               |
+------------+--------------+---------------------+
| 5.7.21-log | 2018-08-27   | 2018-08-27 12:30:22 |
+------------+--------------+---------------------+
1 row in set (0.0035 sec)

 MySQL  127.0.0.3:3306  SQL > select
                          ... Version() as version,
                          ... now() as fecha_actual;
+------------+---------------------+
| version    | fecha_actual        |
+------------+---------------------+
| 5.7.21-log | 2018-08-27 12:31:22 |
+------------+---------------------+
1 row in set (0.0003 sec)

 MySQL  127.0.0.3:3306  SQL > select (4 + 5);
+---------+
| (4 + 5) |
+---------+
|       9 |
+---------+
1 row in set (0.0003 sec)

 MySQL  127.0.0.3:3306  SQL > select (PI()), (4+6)/2;
+----------+---------+
| (PI())   | (4+6)/2 |
+----------+---------+
| 3.141593 |  5.0000 |
+----------+---------+
1 row in set (0.0003 sec)

 MySQL  127.0.0.3:3306  SQL > select sin(PI()), (4+6)/2;
+------------------------+---------+
| sin(PI())              | (4+6)/2 |
+------------------------+---------+
| 1.2246467991473532e-16 |  5.0000 |
+------------------------+---------+
1 row in set (0.0034 sec)

 MySQL  127.0.0.3:3306  SQL > show databases;
+----------------------+
| Database             |
+----------------------+
| information_schema   |
| banbajio             |
| banbajiodosgruposres |
| datos_coche          |
| datoscoches          |
| dbclientes           |
| employees            |
| inventario_          |
| inventario_bdd       |
| mysql                |
| performance_schema   |
| sakila               |
| sys                  |
| world                |
+----------------------+
14 rows in set (0.0008 sec)

 MySQL  127.0.0.3:3306  SQL > \use world
Default schema set to `world`.
Fetching table and column names from `world` for auto-completion... Press ^C to stop.

 MySQL  127.0.0.3:3306  world  SQL > \use world;
MySQL Error 1049 (42000): ClassicSession.runSql: Unknown database 'world;'

 MySQL  127.0.0.3:3306  world  SQL > show tables;
+-----------------+
| Tables_in_world |
+-----------------+
| city            |
| country         |
| countrylanguage |
| prueba          |
+-----------------+
4 rows in set (0.0007 sec)

 MySQL  127.0.0.3:3306  world  SQL > desc city
                                 ... ;
+-------------+----------+------+-----+---------+----------------+
| Field       | Type     | Null | Key | Default | Extra          |
+-------------+----------+------+-----+---------+----------------+
| ID          | int(11)  | NO   | PRI | NULL    | auto_increment |
| Name        | char(35) | NO   |     |         |                |
| CountryCode | char(3)  | NO   | MUL |         |                |
| District    | char(20) | NO   |     |         |                |
| Population  | int(11)  | NO   |     | 0       |                |
+-------------+----------+------+-----+---------+----------------+
5 rows in set (0.0007 sec)

 MySQL  127.0.0.3:3306  world  SQL > select * from mysql.user;
+-----------+---------------+-------------+-------------+-------------+-------------+-------------+-----------+-------------+---------------+--------------+-----------+------------+-----------------+------------+------------+--------------+------------+-----------------------+------------------+--------------+-----------------+------------------+------------------+----------------+---------------------+--------------------+------------------+------------+--------------+------------------------+----------+------------+-------------+--------------+---------------+-------------+-----------------+----------------------+-----------------------+-------------------------------------------+------------------+-----------------------+-------------------+----------------+
| Host      | User          | Select_priv | Insert_priv | Update_priv | Delete_priv | Create_priv | Drop_priv | Reload_priv | Shutdown_priv | Process_priv | File_priv | Grant_priv | References_priv | Index_priv | Alter_priv | Show_db_priv | Super_priv | Create_tmp_table_priv | Lock_tables_priv | Execute_priv | Repl_slave_priv | Repl_client_priv | Create_view_priv | Show_view_priv | Create_routine_priv | Alter_routine_priv | Create_user_priv | Event_priv | Trigger_priv | Create_tablespace_priv | ssl_type | ssl_cipher | x509_issuer | x509_subject | max_questions | max_updates | max_connections | max_user_connections | plugin                | authentication_string                     | password_expired | password_last_changed | password_lifetime | account_locked |
+-----------+---------------+-------------+-------------+-------------+-------------+-------------+-----------+-------------+---------------+--------------+-----------+------------+-----------------+------------+------------+--------------+------------+-----------------------+------------------+--------------+-----------------+------------------+------------------+----------------+---------------------+--------------------+------------------+------------+--------------+------------------------+----------+------------+-------------+--------------+---------------+-------------+-----------------+----------------------+-----------------------+-------------------------------------------+------------------+-----------------------+-------------------+----------------+
| localhost | root          | Y           | Y           | Y           | Y           | Y           | Y         | Y           | Y             | Y            | Y         | Y          | Y               | Y          | Y          | Y            | Y          | Y                     | Y                | Y            | Y               | Y                | Y                | Y              | Y                   | Y                  | Y                | Y          | Y            | Y                      |          |            |             |              |             0 |           0 |               0 |                    0 | mysql_native_password | *6799989EE00A02680BFF41BBEE55B5B9F2520086 | N                | 2018-03-04 11:54:43   |              NULL | N              |
| localhost | mysql.session | N           | N           | N           | N           | N           | N         | N           | N             | N            | N         | N          | N               | N          | N          | N            | Y          | N                     | N                | N            | N               | N                | N                | N              | N                   | N                  | N                | N          | N            | N                      |          |            |             |              |             0 |           0 |               0 |                    0 | mysql_native_password | *THISISNOTAVALIDPASSWORDTHATCANBEUSEDHERE | N                | 2018-03-04 11:54:40   |              NULL | Y              |
| localhost | mysql.sys     | N           | N           | N           | N           | N           | N         | N           | N             | N            | N         | N          | N               | N          | N          | N            | N          | N                     | N                | N            | N               | N                | N                | N              | N                   | N                  | N                | N          | N            | N                      |          |            |             |              |             0 |           0 |               0 |                    0 | mysql_native_password | *THISISNOTAVALIDPASSWORDTHATCANBEUSEDHERE | N                | 2018-03-04 11:54:40   |              NULL | Y              |
| localhost | Haziel        | N           | N           | N           | N           | N           | N         | N           | N             | N            | N         | N          | N               | N          | N          | N            | N          | N                     | N                | N            | N               | N                | N                | N              | N                   | N                  | N                | N          | N            | N                      |          |            |             |              |             0 |           0 |               0 |                    0 | mysql_native_password | *6BB4837EB74329105EE4568DDA7DC67ED2CA2AD9 | N                | 2018-08-23 12:41:00   |              NULL | N              |
+-----------+---------------+-------------+-------------+-------------+-------------+-------------+-----------+-------------+---------------+--------------+-----------+------------+-----------------+------------+------------+--------------+------------+-----------------------+------------------+--------------+-----------------+------------------+------------------+----------------+---------------------+--------------------+------------------+------------+--------------+------------------------+----------+------------+-------------+--------------+---------------+-------------+-----------------+----------------------+-----------------------+-------------------------------------------+------------------+-----------------------+-------------------+----------------+
4 rows in set (0.0052 sec)

 MySQL  127.0.0.3:3306  world  SQL > select user from mysql.user;
+---------------+
| user          |
+---------------+
| Haziel        |
| mysql.session |
| mysql.sys     |
| root          |
+---------------+
4 rows in set (0.0004 sec)

 MySQL  127.0.0.3:3306  world  SQL > create database evaluacion_1;
Query OK, 1 row affected (0.0083 sec)

 MySQL  127.0.0.3:3306  world  SQL > show databases;
+----------------------+
| Database             |
+----------------------+
| information_schema   |
| banbajio             |
| banbajiodosgruposres |
| datos_coche          |
| datoscoches          |
| dbclientes           |
| employees            |
| evaluacion_1         |
| inventario_          |
| inventario_bdd       |
| mysql                |
| performance_schema   |
| sakila               |
| sys                  |
| world                |
+----------------------+
15 rows in set (0.0007 sec)

 MySQL  127.0.0.3:3306  world  SQL > drop database evaluacion_1;
Query OK, 0 rows affected (0.0086 sec)

 MySQL  127.0.0.3:3306  world  SQL > show databases;
+----------------------+
| Database             |
+----------------------+
| information_schema   |
| banbajio             |
| banbajiodosgruposres |
| datos_coche          |
| datoscoches          |
| dbclientes           |
| employees            |
| inventario_          |
| inventario_bdd       |
| mysql                |
| performance_schema   |
| sakila               |
| sys                  |
| world                |
+----------------------+
14 rows in set (0.0007 sec)

 MySQL  127.0.0.3:3306  world  SQL > drop database evaluacion_1;
ERROR: 1008 (HY000): Can't drop database 'evaluacion_1'; database doesn't exist

 MySQL  127.0.0.3:3306  world  SQL > create database evaluacion_1;
Query OK, 1 row affected (0.0022 sec)

 MySQL  127.0.0.3:3306  world  SQL > \use evaluacion_1
Default schema set to `evaluacion_1`.
Fetching table and column names from `evaluacion_1` for auto-completion... Press ^C to stop.

 MySQL  127.0.0.3:3306  evaluacion_1  SQL > \use evaluacion_1;
MySQL Error 1049 (42000): ClassicSession.runSql: Unknown database 'evaluacion_1;'

 MySQL  127.0.0.3:3306  evaluacion_1  SQL > show tables;
Empty set (0.0007 sec)

 MySQL  127.0.0.3:3306  evaluacion_1  SQL >
 MySQL  127.0.0.3:3306  evaluacion_1  SQL >